2026-09-14 03:26:25.775: [INFO] CurrentProfilePath: D:\SOA-52\PS31\.metadata\.plugins\org.eclipse.swt\EBWebView\Default
2026-09-14 03:26:25.775: [INFO] Profiles total count: 1
2026-09-14 03:26:25.775: [INFO] Profile: name=Profile 1 path=D:\SOA-52\PS31\.metadata\.plugins\org.eclipse.swt\EBWebView\Default lastActive=null
2026-09-14 03:26:25.775: [INFO] LastUsedProfileDir: D:\SOA-52\PS31\.metadata\.plugins\org.eclipse.swt\EBWebView\Default
2026-09-14 03:26:25.775: [INFO] OnDoneLoading sync enabled: 0
2026-09-14 03:26:25.775: [INFO] BookmarkModelLoaded, ids_reassigned: 0
2026-09-14 03:26:25.775: [INFO] BookmarksLoadDropped droppedNodes=0
2026-09-14 03:26:25.775: [INFO] BookmarksSnapshot Startup total=0 bar=0 other=0 mobile=0 showBar=0 showBarNTP=1
2026-09-14 03:28:07.383: [INFO] BookmarksSnapshot Shutdown total=0 bar=0 other=0 mobile=0 showBar=0 showBarNTP=1
2026-09-14 04:09:06.164: [INFO] CurrentProfilePath: D:\SOA-52\PS31\.metadata\.plugins\org.eclipse.swt\EBWebView\Default
2026-09-14 04:09:06.164: [INFO] Profiles total count: 1
2026-09-14 04:09:06.164: [INFO] Profile: name=Profile 1 path=D:\SOA-52\PS31\.metadata\.plugins\org.eclipse.swt\EBWebView\Default lastActive=null
2026-09-14 04:09:06.164: [INFO] LastUsedProfileDir: D:\SOA-52\PS31\.metadata\.plugins\org.eclipse.swt\EBWebView\Default
2026-09-14 04:09:06.164: [INFO] OnDoneLoading sync enabled: 0
2026-09-14 04:09:06.164: [INFO] BookmarkModelLoaded, ids_reassigned: 0
2026-09-14 04:09:06.164: [INFO] BookmarksLoadDropped droppedNodes=0
2026-09-14 04:09:06.164: [INFO] BookmarksSnapshot Startup total=0 bar=0 other=0 mobile=0 showBar=0 showBarNTP=1
2026-09-14 07:39:47.853: [INFO] BookmarksSnapshot Shutdown total=0 bar=0 other=0 mobile=0 showBar=0 showBarNTP=1
2026-09-19 02:31:06.286: [INFO] CurrentProfilePath: D:\SOA-52\PS31\.metadata\.plugins\org.eclipse.swt\EBWebView\Default
2026-09-19 02:31:06.286: [INFO] Profiles total count: 1
2026-09-19 02:31:06.286: [INFO] Profile: name=Profile 1 path=D:\SOA-52\PS31\.metadata\.plugins\org.eclipse.swt\EBWebView\Default lastActive=null
2026-09-19 02:31:06.286: [INFO] LastUsedProfileDir: D:\SOA-52\PS31\.metadata\.plugins\org.eclipse.swt\EBWebView\Default
2026-09-19 02:31:06.286: [INFO] OnDoneLoading sync enabled: 0
2026-09-19 02:31:06.286: [INFO] BookmarkModelLoaded, ids_reassigned: 0
2026-09-19 02:31:06.286: [INFO] BookmarksLoadDropped droppedNodes=0
2026-09-19 02:31:06.286: [INFO] BookmarksSnapshot Startup total=0 bar=0 other=0 mobile=0 showBar=0 showBarNTP=1
2026-09-19 02:53:37.064: [INFO] BookmarksSnapshot Shutdown total=0 bar=0 other=0 mobile=0 showBar=0 showBarNTP=1
